// Jest Snapshot v1, https://goo.gl/fbAQLP

exports[`Pruebas en <FirstApp /> Debe hacer match con el snapshot 1`] = `
<div>
  <h1>
    Hola soy un Titulo
  </h1>
  <p>
    No hay subt√≠tulo
  </p>
  <p>
    Humberto Rivero
  </p>
</div>
`;
